// Jest Snapshot v1, https://goo.gl/fbAQLP

exports[`ClickMe renders 0 snapshot (@testing-library/react) 1`] = `
<a
  class="clickme"
  href="#"
>
  This link has been clicked 
  0
   times
</a>
`;

exports[`ClickMe renders 1 after click snapshot (@testing-library/react) 1`] = `
<a
  class="clickme"
  href="#"
>
  This link has been clicked 
  1
   times
</a>
`;
